// Jest Snapshot v1, https://goo.gl/fbAQLP

exports[`About when load page, renders correctly 1`] = `
<div class="hero is-medium">
  <div class="hero-body">
    <div class="about-img"></div>
    <div class="has-text-centered">
      <p class="about-paragraph">by<a href="https://shpakov.dev" target="_blank" rel="noopener noreferrer"><strong> Mikhail Shpakov</strong></a></p>
      <div class="about-container">
        <p class="about-paragraph">Тестовое задание для компании<a href="https://timeweb.com/ru" target="_blank" rel="noopener noreferrer"> Timeweb</a>.</p>
        <p class="about-paragraph">Приложение реализовано с помощью<a href="https://vuejs.org/" target="_blank" rel="noopener noreferrer"> Vue.js</a> и представляет собой простейший конструктор сайтов, демонстрируя также концепции<a href="https://ru.wikipedia.org/wiki/%D0%9E%D0%B4%D0%BD%D0%BE%D1%81%D1%82%D1%80%D0%B0%D0%BD%D0%B8%D1%87%D0%BD%D0%BE%D0%B5_%D0%BF%D1%80%D0%B8%D0%BB%D0%BE%D0%B6%D0%B5%D0%BD%D0%B8%D0%B5" target="_blank" rel="noopener noreferrer"> SPA</a> и<a href="https://web.dev/progressive-web-apps/" target="_blank" rel="noopener noreferrer"> PWA</a>.</p>
        <p class="about-paragraph">Полное описание доступно в<a href="https://github.com/mikhail-shpakov/website-builder-vuejs" target="_blank" rel="noopener noreferrer"> репозитории приложения</a>.</p>
      </div>
    </div>
  </div>
</div>
`;
